current directory: /Users/yizhang/Library/Mobile Documents/com~apple~CloudDocs/Documents/GitHub/yizhang96.github.io/vendor/bundle/ruby/3.4.0/gems/json-2.15.1/ext/json/ext/parser
/opt/homebrew/opt/ruby/bin/ruby extconf.rb
checking for rb_enc_interned_str() in ruby/encoding.h... yes
checking for rb_hash_new_capa() in ruby.h... yes
checking for rb_hash_bulk_insert() in ruby.h... yes
checking for strnlen() in string.h... yes
checking for whether -std=c99 is accepted as CFLAGS... yes
checking for arm_neon.h... yes
checking for cpuid.h... no
creating Makefile

current directory: /Users/yizhang/Library/Mobile Documents/com~apple~CloudDocs/Documents/GitHub/yizhang96.github.io/vendor/bundle/ruby/3.4.0/gems/json-2.15.1/ext/json/ext/parser
make DESTDIR\= sitearchdir\=./.gem.20251023-81123-xwr5v6 sitelibdir\=./.gem.20251023-81123-xwr5v6 clean

current directory: /Users/yizhang/Library/Mobile Documents/com~apple~CloudDocs/Documents/GitHub/yizhang96.github.io/vendor/bundle/ruby/3.4.0/gems/json-2.15.1/ext/json/ext/parser
make DESTDIR\= sitearchdir\=./.gem.20251023-81123-xwr5v6 sitelibdir\=./.gem.20251023-81123-xwr5v6
compiling parser.c
linking shared-object json/ext/parser.bundle

current directory: /Users/yizhang/Library/Mobile Documents/com~apple~CloudDocs/Documents/GitHub/yizhang96.github.io/vendor/bundle/ruby/3.4.0/gems/json-2.15.1/ext/json/ext/parser
make DESTDIR\= sitearchdir\=./.gem.20251023-81123-xwr5v6 sitelibdir\=./.gem.20251023-81123-xwr5v6 install
/usr/bin/install -c -m 0755 parser.bundle ./.gem.20251023-81123-xwr5v6/json/ext

current directory: /Users/yizhang/Library/Mobile Documents/com~apple~CloudDocs/Documents/GitHub/yizhang96.github.io/vendor/bundle/ruby/3.4.0/gems/json-2.15.1/ext/json/ext/parser
make DESTDIR\= sitearchdir\=./.gem.20251023-81123-xwr5v6 sitelibdir\=./.gem.20251023-81123-xwr5v6 clean
